[b0101bet.com/home/event8adc.html]
[b0101bet.com/home/event706a.html]
[b0101bet.com/home/event4fef.html]
[b0101bet.com/home/task10a3.html]
[b0101bet.com/home/vip10a3.html]
[b0101bet.com/home/canReceive10a3.html]
[b0101bet.com/home/embedded.html]
[b0101bet.com/index.html]
[b0101bet.com/indexa608.html]
[b0101bet.com/cocos/lg/favicon.ico]
[backblue.gif]
[fade.gif]
[index.html]
[b0101bet.com/siteadmin/upload/img/1954152093055025153.png]
[b0101bet.com/window.location.href]
[b0101bet.com/assets/theme-0/index.DQUk4nl5.js]
[b0101bet.com/assets/theme-0/commonChunk.C98SwYlz.css]
[b0101bet.com/pages/browser/index57eb.html]
[ossjs.0101bet1.com/siteadmin/layoutDesign/19607561558581575709e89.png]
[b0101bet.com/index.html]
[b0101bet.com/pages/noscript/pt.html]
[b0101bet.com/home/event8adc.html]
[b0101bet.com/home/event706a.html]
[b0101bet.com/home/event4fef.html]
[b0101bet.com/home/task10a3.html]
[b0101bet.com/home/vip10a3.html]
[b0101bet.com/home/canReceive10a3.html]
[b0101bet.com/indexa608.html]
[b0101bet.com/home/embedded.html]
[b0101bet.com/window.location.html]
[b0101bet.com/assets/theme-0/commonChunk.C98SwYlz.css]
[b0101bet.com/pages/browser/index57eb.html]
[b0101bet.com/home/window.location.html]
[b0101bet.com/pages/noscript/pt.html]
[b0101bet.com/home/window.location.html]
[b0101bet.com/pages/noscript/style.css]
[b0101bet.com/pages/noscript/style.css]
